0 verbose cli /usr/local/bin/node /usr/src/node-red/node_modules/npm/bin/npm-cli.js
1 info using npm@11.19.1
2 info using node@v24.20.0
3 silly config load:file:/usr/src/node-red/node_modules/npm/npmrc
4 silly config load:file:/data/.npmrc
5 silly config load:file:/usr/src/node-red/.npmrc
6 silly config load:file:/usr/local/etc/npmrc
7 verbose title npm install node-red-contrib-telegrambot@19.0.3
8 verbose argv "install" "--no-audit" "--no-update-notifier" "--no-fund" "--save" "--save-prefix" "~" "--omit" "dev" "--engine-strict" "--" "node-red-contrib-telegrambot@19.0.3"
9 verbose logfile logs-max:10 dir:/data/.npm/_logs/2026-10-02T18_42_51_511Z-
10 verbose logfile /data/.npm/_logs/2026-10-02T18_42_51_511Z-debug-0.log
11 silly logfile done cleaning log files
12 silly packumentCache heap:2227961856 maxSize:556990464 maxEntrySize:278495232
13 silly idealTree buildDeps
14 silly fetch manifest node-red-contrib-telegrambot@19.0.3
15 silly packumentCache full:https://registry.npmjs.org/node-red-contrib-telegrambot cache-miss
16 http fetch GET 200 https://registry.npmjs.org/node-red-contrib-telegrambot 759ms (cache miss)
17 silly packumentCache full:https://registry.npmjs.org/node-red-contrib-telegrambot set size:undefined disposed:false
18 silly placeDep ROOT node-red-contrib-telegrambot@19.0.3 OK for: node-red-project@0.0.1 want: 19.0.3
19 silly fetch manifest fetch-socks@^1.3.3
20 silly packumentCache full:https://registry.npmjs.org/fetch-socks cache-miss
21 silly fetch manifest node-telegram-bot-api@^1.2.0
22 silly packumentCache full:https://registry.npmjs.org/node-telegram-bot-api cache-miss
23 silly fetch manifest undici@^7.0.0
24 silly packumentCache full:https://registry.npmjs.org/undici cache-miss
25 http fetch GET 200 https://registry.npmjs.org/fetch-socks 340ms (cache miss)
26 silly packumentCache full:https://registry.npmjs.org/fetch-socks set size:undefined disposed:false
27 http fetch GET 200 https://registry.npmjs.org/undici 1698ms (cache miss)
28 silly packumentCache full:https://registry.npmjs.org/undici set size:undefined disposed:false
29 http fetch GET 200 https://registry.npmjs.org/node-telegram-bot-api 2455ms (cache miss)
30 silly packumentCache full:https://registry.npmjs.org/node-telegram-bot-api set size:undefined disposed:false
31 silly placeDep ROOT fetch-socks@1.3.3 OK for: node-red-contrib-telegrambot@19.0.3 want: ^1.3.3
32 silly placeDep ROOT node-telegram-bot-api@1.2.0 OK for: node-red-contrib-telegrambot@19.0.3 want: ^1.2.0
33 silly placeDep ROOT undici@7.30.0 OK for: node-red-contrib-telegrambot@19.0.3 want: ^7.0.0
34 silly fetch manifest socks@^2.8.7
35 silly packumentCache full:https://registry.npmjs.org/socks cache-miss
36 silly fetch manifest undici@>=7
37 silly packumentCache full:https://registry.npmjs.org/undici cache-miss
38 http cache https://registry.npmjs.org/undici 85ms (cache hit)
39 silly packumentCache full:https://registry.npmjs.org/undici set size:1558776 disposed:false
40 http fetch GET 200 https://registry.npmjs.org/socks 198ms (cache miss)
41 silly packumentCache full:https://registry.npmjs.org/socks set size:undefined disposed:false
42 silly placeDep ROOT socks@2.8.10 OK for: fetch-socks@1.3.3 want: ^2.8.7
43 silly fetch manifest ip-address@^10.1.1
44 silly packumentCache full:https://registry.npmjs.org/ip-address cache-miss
45 silly fetch manifest smart-buffer@^4.2.0
46 silly packumentCache full:https://registry.npmjs.org/smart-buffer cache-miss
47 http fetch GET 200 https://registry.npmjs.org/smart-buffer 172ms (cache miss)
48 silly packumentCache full:https://registry.npmjs.org/smart-buffer set size:undefined disposed:false
49 http fetch GET 200 https://registry.npmjs.org/ip-address 532ms (cache miss)
50 silly packumentCache full:https://registry.npmjs.org/ip-address set size:undefined disposed:false
51 silly placeDep ROOT ip-address@10.7.3 OK for: socks@2.8.10 want: ^10.1.1
52 silly placeDep ROOT smart-buffer@4.2.0 OK for: socks@2.8.10 want: ^4.2.0
53 silly reify moves {}
54 http cache smart-buffer@https://registry.npmjs.org/smart-buffer/-/smart-buffer-4.2.0.tgz 0ms (cache hit)
55 http cache socks@https://registry.npmjs.org/socks/-/socks-2.8.10.tgz 0ms (cache hit)
56 http cache node-telegram-bot-api@https://registry.npmjs.org/node-telegram-bot-api/-/node-telegram-bot-api-1.2.0.tgz 0ms (cache hit)
57 http cache undici@https://registry.npmjs.org/undici/-/undici-7.30.0.tgz 0ms (cache hit)
58 http cache ip-address@https://registry.npmjs.org/ip-address/-/ip-address-10.7.3.tgz 0ms (cache hit)
59 http cache fetch-socks@https://registry.npmjs.org/fetch-socks/-/fetch-socks-1.3.3.tgz 0ms (cache hit)
60 silly tarball no local data for smart-buffer@https://registry.npmjs.org/smart-buffer/-/smart-buffer-4.2.0.tgz. Extracting by manifest.
61 silly tarball no local data for ip-address@https://registry.npmjs.org/ip-address/-/ip-address-10.7.3.tgz. Extracting by manifest.
62 silly tarball no local data for node-telegram-bot-api@https://registry.npmjs.org/node-telegram-bot-api/-/node-telegram-bot-api-1.2.0.tgz. Extracting by manifest.
63 silly tarball no local data for fetch-socks@https://registry.npmjs.org/fetch-socks/-/fetch-socks-1.3.3.tgz. Extracting by manifest.
64 silly tarball no local data for socks@https://registry.npmjs.org/socks/-/socks-2.8.10.tgz. Extracting by manifest.
65 http cache node-red-contrib-telegrambot@https://registry.npmjs.org/node-red-contrib-telegrambot/-/node-red-contrib-telegrambot-19.0.3.tgz 0ms (cache hit)
66 silly tarball no local data for undici@https://registry.npmjs.org/undici/-/undici-7.30.0.tgz. Extracting by manifest.
67 silly tarball no local data for node-red-contrib-telegrambot@https://registry.npmjs.org/node-red-contrib-telegrambot/-/node-red-contrib-telegrambot-19.0.3.tgz. Extracting by manifest.
68 http fetch GET 200 https://registry.npmjs.org/fetch-socks/-/fetch-socks-1.3.3.tgz 306ms (cache miss)
69 http fetch GET 200 https://registry.npmjs.org/smart-buffer/-/smart-buffer-4.2.0.tgz 432ms (cache miss)
70 http fetch GET 200 https://registry.npmjs.org/ip-address/-/ip-address-10.7.3.tgz 4561ms (cache miss)
71 http fetch GET 200 https://registry.npmjs.org/node-telegram-bot-api/-/node-telegram-bot-api-1.2.0.tgz 4759ms (cache miss)
72 http fetch GET 200 https://registry.npmjs.org/undici/-/undici-7.30.0.tgz 7246ms (cache miss)
73 http fetch GET 200 https://registry.npmjs.org/socks/-/socks-2.8.10.tgz 8946ms (cache miss)
74 http fetch GET 200 https://registry.npmjs.org/node-red-contrib-telegrambot/-/node-red-contrib-telegrambot-19.0.3.tgz 12811ms (cache miss)
75 silly ADD node_modules/smart-buffer
76 silly ADD node_modules/ip-address
77 silly ADD node_modules/socks
78 silly ADD node_modules/undici
79 silly ADD node_modules/node-telegram-bot-api
80 silly ADD node_modules/fetch-socks
81 silly ADD node_modules/node-red-contrib-telegrambot
82 warn install-scripts 1 package has install scripts not yet covered by allowScripts:
82 warn install-scripts   node-red-dashboard@3.6.6 (postinstall: node fixgrid.js)
82 warn install-scripts
82 warn install-scripts Run `npm install-scripts ls` to review, or `npm install-scripts approve <pkg>` to allow.
83 verbose cwd /data
84 verbose os Linux 6.18.40.1-microsoft-standard-WSL2
85 verbose node v24.20.0
86 verbose npm  v11.19.1
87 verbose exit 0
88 info ok
