0 verbose cli /usr/local/bin/node /usr/src/node-red/node_modules/npm/bin/npm-cli.js
1 info using npm@11.19.1
2 info using node@v24.20.0
3 silly config load:file:/usr/src/node-red/node_modules/npm/npmrc
4 silly config load:file:/data/.npmrc
5 silly config load:file:/usr/src/node-red/.npmrc
6 silly config load:file:/usr/local/etc/npmrc
7 verbose title npm install node-red-dashboard@3.6.6
8 verbose argv "install" "--no-audit" "--no-update-notifier" "--no-fund" "--save" "--save-prefix" "~" "--omit" "dev" "--engine-strict" "--" "node-red-dashboard@3.6.6"
9 verbose logfile logs-max:10 dir:/data/.npm/_logs/2026-10-02T18_07_50_584Z-
10 verbose logfile /data/.npm/_logs/2026-10-02T18_07_50_584Z-debug-0.log
11 silly logfile done cleaning log files
12 silly packumentCache heap:2227961856 maxSize:556990464 maxEntrySize:278495232
13 silly idealTree buildDeps
14 silly fetch manifest node-red-dashboard@3.6.6
15 silly packumentCache full:https://registry.npmjs.org/node-red-dashboard cache-miss
16 http fetch GET 200 https://registry.npmjs.org/node-red-dashboard 645ms (cache miss)
17 silly packumentCache full:https://registry.npmjs.org/node-red-dashboard set size:undefined disposed:false
18 silly placeDep ROOT node-red-dashboard@3.6.6 OK for: node-red-project@0.0.1 want: 3.6.6
19 silly fetch manifest gridstack@^0.6.4
20 silly packumentCache full:https://registry.npmjs.org/gridstack cache-miss
21 silly fetch manifest socket.io@^4.8.1
22 silly packumentCache full:https://registry.npmjs.org/socket.io cache-miss
23 silly fetch manifest compression@^1.8.1
24 silly packumentCache full:https://registry.npmjs.org/compression cache-miss
25 http fetch GET 200 https://registry.npmjs.org/socket.io 1134ms (cache miss)
26 silly packumentCache full:https://registry.npmjs.org/socket.io set size:undefined disposed:false
27 silly fetch manifest serve-static@^1.16.2
28 silly packumentCache full:https://registry.npmjs.org/serve-static cache-miss
29 http fetch GET 200 https://registry.npmjs.org/serve-static 349ms (cache miss)
30 silly packumentCache full:https://registry.npmjs.org/serve-static set size:undefined disposed:false
31 http fetch GET 200 https://registry.npmjs.org/compression 1508ms (cache miss)
32 silly packumentCache full:https://registry.npmjs.org/compression set size:undefined disposed:false
33 http fetch GET 200 https://registry.npmjs.org/gridstack 2551ms (cache miss)
34 silly packumentCache full:https://registry.npmjs.org/gridstack set size:undefined disposed:false
35 silly placeDep ROOT compression@1.8.2 OK for: node-red-dashboard@3.6.6 want: ^1.8.1
36 silly placeDep ROOT gridstack@0.6.4 OK for: node-red-dashboard@3.6.6 want: ^0.6.4
37 silly placeDep ROOT serve-static@1.16.3 OK for: node-red-dashboard@3.6.6 want: ^1.16.2
38 silly placeDep ROOT socket.io@4.8.4 OK for: node-red-dashboard@3.6.6 want: ^4.8.1
39 silly fetch manifest vary@~1.1.2
40 silly packumentCache full:https://registry.npmjs.org/vary cache-miss
41 silly fetch manifest bytes@3.1.2
42 silly packumentCache full:https://registry.npmjs.org/bytes cache-miss
43 silly fetch manifest debug@2.6.9
44 silly packumentCache full:https://registry.npmjs.org/debug cache-miss
45 http fetch GET 200 https://registry.npmjs.org/vary 126ms (cache miss)
46 silly packumentCache full:https://registry.npmjs.org/vary set size:undefined disposed:false
47 silly fetch manifest destroy@1.2.0
48 silly packumentCache full:https://registry.npmjs.org/destroy cache-miss
49 http fetch GET 200 https://registry.npmjs.org/bytes 133ms (cache miss)
50 silly packumentCache full:https://registry.npmjs.org/bytes set size:undefined disposed:false
51 silly fetch manifest negotiator@~0.6.4
52 silly packumentCache full:https://registry.npmjs.org/negotiator cache-miss
53 http fetch GET 200 https://registry.npmjs.org/destroy 108ms (cache miss)
54 silly packumentCache full:https://registry.npmjs.org/destroy set size:undefined disposed:false
55 silly fetch manifest on-headers@~1.1.0
56 silly packumentCache full:https://registry.npmjs.org/on-headers cache-miss
57 http fetch GET 200 https://registry.npmjs.org/negotiator 158ms (cache miss)
58 silly packumentCache full:https://registry.npmjs.org/negotiator set size:undefined disposed:false
59 silly fetch manifest safe-buffer@5.2.1
60 silly packumentCache full:https://registry.npmjs.org/safe-buffer cache-miss
61 http fetch GET 200 https://registry.npmjs.org/on-headers 162ms (cache miss)
62 silly packumentCache full:https://registry.npmjs.org/on-headers set size:undefined disposed:false
63 silly fetch manifest compressible@~2.0.18
64 silly packumentCache full:https://registry.npmjs.org/compressible cache-miss
65 http fetch GET 200 https://registry.npmjs.org/debug 404ms (cache miss)
66 silly packumentCache full:https://registry.npmjs.org/debug set size:undefined disposed:false
67 silly fetch manifest jquery@^1.8 || 2 || 3
68 silly packumentCache full:https://registry.npmjs.org/jquery cache-miss
69 http fetch GET 200 https://registry.npmjs.org/safe-buffer 158ms (cache miss)
70 silly packumentCache full:https://registry.npmjs.org/safe-buffer set size:undefined disposed:false
71 silly fetch manifest send@~0.19.1
72 silly packumentCache full:https://registry.npmjs.org/send cache-miss
73 http fetch GET 200 https://registry.npmjs.org/compressible 117ms (cache miss)
74 silly packumentCache full:https://registry.npmjs.org/compressible set size:undefined disposed:false
75 silly fetch manifest parseurl@~1.3.3
76 silly packumentCache full:https://registry.npmjs.org/parseurl cache-miss
77 http fetch GET 200 https://registry.npmjs.org/parseurl 106ms (cache miss)
78 silly packumentCache full:https://registry.npmjs.org/parseurl set size:undefined disposed:false
79 silly fetch manifest encodeurl@~2.0.0
80 silly packumentCache full:https://registry.npmjs.org/encodeurl cache-miss
81 http fetch GET 200 https://registry.npmjs.org/jquery 270ms (cache miss)
82 silly packumentCache full:https://registry.npmjs.org/jquery set size:undefined disposed:false
83 silly fetch manifest escape-html@~1.0.3
84 silly packumentCache full:https://registry.npmjs.org/escape-html cache-miss
85 http fetch GET 200 https://registry.npmjs.org/send 240ms (cache miss)
86 silly packumentCache full:https://registry.npmjs.org/send set size:undefined disposed:false
87 silly fetch manifest cors@~2.8.5
88 silly packumentCache full:https://registry.npmjs.org/cors cache-miss
89 http fetch GET 200 https://registry.npmjs.org/encodeurl 107ms (cache miss)
90 silly packumentCache full:https://registry.npmjs.org/encodeurl set size:undefined disposed:false
91 silly fetch manifest debug@~4.4.1
92 silly packumentCache full:https://registry.npmjs.org/debug cache-miss
93 http cache https://registry.npmjs.org/debug 39ms (cache hit)
94 silly packumentCache full:https://registry.npmjs.org/debug set size:195840 disposed:false
95 silly fetch manifest accepts@~1.3.4
96 silly packumentCache full:https://registry.npmjs.org/accepts cache-miss
97 http fetch GET 200 https://registry.npmjs.org/escape-html 114ms (cache miss)
98 silly packumentCache full:https://registry.npmjs.org/escape-html set size:undefined disposed:false
99 silly fetch manifest engine.io@~6.6.0
100 silly packumentCache full:https://registry.npmjs.org/engine.io cache-miss
101 http fetch GET 200 https://registry.npmjs.org/cors 196ms (cache miss)
102 silly packumentCache full:https://registry.npmjs.org/cors set size:undefined disposed:false
103 silly fetch manifest socket.io-parser@~4.2.4
104 silly packumentCache full:https://registry.npmjs.org/socket.io-parser cache-miss
105 http fetch GET 200 https://registry.npmjs.org/engine.io 860ms (cache miss)
106 silly packumentCache full:https://registry.npmjs.org/engine.io set size:undefined disposed:false
107 silly fetch manifest socket.io-adapter@~2.5.2
108 silly packumentCache full:https://registry.npmjs.org/socket.io-adapter cache-miss
109 http fetch GET 200 https://registry.npmjs.org/accepts 900ms (cache miss)
110 silly packumentCache full:https://registry.npmjs.org/accepts set size:undefined disposed:false
111 http fetch GET 200 https://registry.npmjs.org/socket.io-adapter 349ms (cache miss)
112 silly packumentCache full:https://registry.npmjs.org/socket.io-adapter set size:undefined disposed:false
113 http fetch GET 200 https://registry.npmjs.org/socket.io-parser 1332ms (cache miss)
114 silly packumentCache full:https://registry.npmjs.org/socket.io-parser set size:undefined disposed:false
115 silly placeDep ROOT bytes@3.1.2 OK for: compression@1.8.2 want: 3.1.2
116 silly placeDep ROOT compressible@2.0.18 OK for: compression@1.8.2 want: ~2.0.18
117 silly placeDep ROOT debug@2.6.9 OK for: compression@1.8.2 want: 2.6.9
118 silly placeDep ROOT destroy@1.2.0 OK for: compression@1.8.2 want: 1.2.0
119 silly placeDep ROOT negotiator@0.6.4 OK for: compression@1.8.2 want: ~0.6.4
120 silly placeDep ROOT on-headers@1.1.0 OK for: compression@1.8.2 want: ~1.1.0
121 silly placeDep ROOT safe-buffer@5.2.1 OK for: compression@1.8.2 want: 5.2.1
122 silly placeDep ROOT vary@1.1.2 OK for: compression@1.8.2 want: ~1.1.2
123 silly fetch manifest mime-db@>= 1.43.0 < 2
124 silly packumentCache full:https://registry.npmjs.org/mime-db cache-miss
125 silly fetch manifest ms@2.0.0
126 silly packumentCache full:https://registry.npmjs.org/ms cache-miss
127 http fetch GET 200 https://registry.npmjs.org/ms 325ms (cache miss)
128 silly packumentCache full:https://registry.npmjs.org/ms set size:undefined disposed:false
129 http fetch GET 200 https://registry.npmjs.org/mime-db 578ms (cache miss)
130 silly packumentCache full:https://registry.npmjs.org/mime-db set size:undefined disposed:false
131 silly placeDep ROOT mime-db@1.54.0 OK for: compressible@2.0.18 want: >= 1.43.0 < 2
132 silly placeDep ROOT ms@2.0.0 OK for: debug@2.6.9 want: 2.0.0
133 silly placeDep ROOT jquery@3.7.1 OK for: gridstack@0.6.4 want: ^1.8 || 2 || 3
134 silly placeDep ROOT encodeurl@2.0.0 OK for: serve-static@1.16.3 want: ~2.0.0
135 silly placeDep ROOT escape-html@1.0.3 OK for: serve-static@1.16.3 want: ~1.0.3
136 silly placeDep ROOT parseurl@1.3.3 OK for: serve-static@1.16.3 want: ~1.3.3
137 silly placeDep ROOT send@0.19.2 OK for: serve-static@1.16.3 want: ~0.19.1
138 silly fetch manifest ms@2.1.3
139 silly packumentCache full:https://registry.npmjs.org/ms cache-miss
140 silly fetch manifest depd@2.0.0
141 silly packumentCache full:https://registry.npmjs.org/depd cache-miss
142 silly fetch manifest etag@~1.8.1
143 silly packumentCache full:https://registry.npmjs.org/etag cache-miss
144 http cache https://registry.npmjs.org/ms 41ms (cache hit)
145 silly packumentCache full:https://registry.npmjs.org/ms set size:92208 disposed:false
146 silly fetch manifest mime@1.6.0
147 silly packumentCache full:https://registry.npmjs.org/mime cache-miss
148 http fetch GET 200 https://registry.npmjs.org/depd 132ms (cache miss)
149 silly packumentCache full:https://registry.npmjs.org/depd set size:undefined disposed:false
150 silly fetch manifest fresh@~0.5.2
151 silly packumentCache full:https://registry.npmjs.org/fresh cache-miss
152 http fetch GET 200 https://registry.npmjs.org/etag 172ms (cache miss)
153 silly packumentCache full:https://registry.npmjs.org/etag set size:undefined disposed:false
154 silly fetch manifest statuses@~2.0.2
155 silly packumentCache full:https://registry.npmjs.org/statuses cache-miss
156 http fetch GET 200 https://registry.npmjs.org/fresh 164ms (cache miss)
157 silly packumentCache full:https://registry.npmjs.org/fresh set size:undefined disposed:false
158 silly fetch manifest http-errors@~2.0.1
159 silly packumentCache full:https://registry.npmjs.org/http-errors cache-miss
160 http fetch GET 200 https://registry.npmjs.org/statuses 220ms (cache miss)
161 silly packumentCache full:https://registry.npmjs.org/statuses set size:undefined disposed:false
162 silly fetch manifest on-finished@~2.4.1
163 silly packumentCache full:https://registry.npmjs.org/on-finished cache-miss
164 http fetch GET 200 https://registry.npmjs.org/mime 691ms (cache miss)
165 silly packumentCache full:https://registry.npmjs.org/mime set size:undefined disposed:false
166 silly fetch manifest range-parser@~1.2.1
167 silly packumentCache full:https://registry.npmjs.org/range-parser cache-miss
168 http fetch GET 200 https://registry.npmjs.org/on-finished 360ms (cache miss)
169 silly packumentCache full:https://registry.npmjs.org/on-finished set size:undefined disposed:false
170 http fetch GET 200 https://registry.npmjs.org/http-errors 456ms (cache miss)
171 silly packumentCache full:https://registry.npmjs.org/http-errors set size:undefined disposed:false
172 http fetch GET 200 https://registry.npmjs.org/range-parser 155ms (cache miss)
173 silly packumentCache full:https://registry.npmjs.org/range-parser set size:undefined disposed:false
174 silly placeDep ROOT depd@2.0.0 OK for: send@0.19.2 want: 2.0.0
175 silly placeDep ROOT etag@1.8.1 OK for: send@0.19.2 want: ~1.8.1
176 silly placeDep ROOT fresh@0.5.2 OK for: send@0.19.2 want: ~0.5.2
177 silly placeDep ROOT http-errors@2.0.1 OK for: send@0.19.2 want: ~2.0.1
178 silly placeDep ROOT mime@1.6.0 OK for: send@0.19.2 want: 1.6.0
179 silly placeDep node_modules/send ms@2.1.3 OK for: send@0.19.2 want: 2.1.3
180 silly placeDep ROOT on-finished@2.4.1 OK for: send@0.19.2 want: ~2.4.1
181 silly placeDep ROOT range-parser@1.2.1 OK for: send@0.19.2 want: ~1.2.1
182 silly placeDep ROOT statuses@2.0.2 OK for: send@0.19.2 want: ~2.0.2
183 silly fetch manifest inherits@~2.0.4
184 silly packumentCache full:https://registry.npmjs.org/inherits cache-miss
185 silly fetch manifest setprototypeof@~1.2.0
186 silly packumentCache full:https://registry.npmjs.org/setprototypeof cache-miss
187 silly fetch manifest toidentifier@~1.0.1
188 silly packumentCache full:https://registry.npmjs.org/toidentifier cache-miss
189 http fetch GET 200 https://registry.npmjs.org/toidentifier 159ms (cache miss)
190 silly packumentCache full:https://registry.npmjs.org/toidentifier set size:undefined disposed:false
191 silly fetch manifest ee-first@1.1.1
192 silly packumentCache full:https://registry.npmjs.org/ee-first cache-miss
193 http fetch GET 200 https://registry.npmjs.org/setprototypeof 172ms (cache miss)
194 silly packumentCache full:https://registry.npmjs.org/setprototypeof set size:undefined disposed:false
195 http fetch GET 200 https://registry.npmjs.org/inherits 180ms (cache miss)
196 silly packumentCache full:https://registry.npmjs.org/inherits set size:undefined disposed:false
197 http fetch GET 200 https://registry.npmjs.org/ee-first 129ms (cache miss)
198 silly packumentCache full:https://registry.npmjs.org/ee-first set size:undefined disposed:false
199 silly placeDep ROOT inherits@2.0.4 OK for: http-errors@2.0.1 want: ~2.0.4
200 silly placeDep ROOT setprototypeof@1.2.0 OK for: http-errors@2.0.1 want: ~1.2.0
201 silly placeDep ROOT toidentifier@1.0.1 OK for: http-errors@2.0.1 want: ~1.0.1
202 silly placeDep ROOT ee-first@1.1.1 OK for: on-finished@2.4.1 want: 1.1.1
203 silly placeDep ROOT accepts@1.3.8 OK for: socket.io@4.8.4 want: ~1.3.4
204 silly placeDep ROOT cors@2.8.6 OK for: socket.io@4.8.4 want: ~2.8.5
205 silly placeDep node_modules/socket.io debug@4.4.3 OK for: socket.io@4.8.4 want: ~4.4.1
206 silly placeDep ROOT engine.io@6.6.11 OK for: socket.io@4.8.4 want: ~6.6.0
207 silly placeDep ROOT socket.io-adapter@2.5.8 OK for: socket.io@4.8.4 want: ~2.5.2
208 silly placeDep ROOT socket.io-parser@4.2.7 OK for: socket.io@4.8.4 want: ~4.2.4
209 silly fetch manifest mime-types@~2.1.34
210 silly packumentCache full:https://registry.npmjs.org/mime-types cache-miss
211 silly fetch manifest negotiator@0.6.3
212 silly packumentCache full:https://registry.npmjs.org/negotiator cache-miss
213 silly fetch manifest object-assign@^4
214 silly packumentCache full:https://registry.npmjs.org/object-assign cache-miss
215 http cache https://registry.npmjs.org/negotiator 88ms (cache hit)
216 silly packumentCache full:https://registry.npmjs.org/negotiator set size:56148 disposed:false
217 silly fetch manifest ms@^2.1.3
218 silly packumentCache full:https://registry.npmjs.org/ms cache-hit
219 silly fetch manifest ws@~8.21.0
220 silly packumentCache full:https://registry.npmjs.org/ws cache-miss
221 http fetch GET 200 https://registry.npmjs.org/object-assign 186ms (cache miss)
222 silly packumentCache full:https://registry.npmjs.org/object-assign set size:undefined disposed:false
223 silly fetch manifest cookie@~0.7.2
224 silly packumentCache full:https://registry.npmjs.org/cookie cache-miss
225 http fetch GET 200 https://registry.npmjs.org/cookie 244ms (cache miss)
226 silly packumentCache full:https://registry.npmjs.org/cookie set size:undefined disposed:false
227 silly fetch manifest @types/ws@^8.5.12
228 silly packumentCache full:https://registry.npmjs.org/@types%2fws cache-miss
229 http fetch GET 200 https://registry.npmjs.org/mime-types 466ms (cache miss)
230 silly packumentCache full:https://registry.npmjs.org/mime-types set size:undefined disposed:false
231 silly fetch manifest @types/cors@^2.8.12
232 silly packumentCache full:https://registry.npmjs.org/@types%2fcors cache-miss
233 http fetch GET 200 https://registry.npmjs.org/@types%2fcors 416ms (cache miss)
234 silly packumentCache full:https://registry.npmjs.org/@types%2fcors set size:undefined disposed:false
235 silly fetch manifest @types/node@>=10.0.0
236 silly packumentCache full:https://registry.npmjs.org/@types%2fnode cache-miss
237 http fetch GET 200 https://registry.npmjs.org/ws 1304ms (cache miss)
238 silly packumentCache full:https://registry.npmjs.org/ws set size:undefined disposed:false
239 silly fetch manifest engine.io-parser@~5.2.1
240 silly packumentCache full:https://registry.npmjs.org/engine.io-parser cache-miss
241 http fetch GET 200 https://registry.npmjs.org/@types%2fws 1047ms (cache miss)
242 silly packumentCache full:https://registry.npmjs.org/@types%2fws set size:undefined disposed:false
243 silly fetch manifest @socket.io/component-emitter@~3.1.0
244 silly packumentCache full:https://registry.npmjs.org/@socket.io%2fcomponent-emitter cache-miss
245 http fetch GET 200 https://registry.npmjs.org/@socket.io%2fcomponent-emitter 572ms (cache miss)
246 silly packumentCache full:https://registry.npmjs.org/@socket.io%2fcomponent-emitter set size:undefined disposed:false
247 http fetch GET 200 https://registry.npmjs.org/engine.io-parser 920ms (cache miss)
248 silly packumentCache full:https://registry.npmjs.org/engine.io-parser set size:undefined disposed:false
249 http fetch GET 200 https://registry.npmjs.org/@types%2fnode 12707ms (cache miss)
250 silly packumentCache full:https://registry.npmjs.org/@types%2fnode set size:undefined disposed:false
251 silly placeDep ROOT mime-types@2.1.35 OK for: accepts@1.3.8 want: ~2.1.34
252 silly placeDep node_modules/accepts negotiator@0.6.3 OK for: accepts@1.3.8 want: 0.6.3
253 silly fetch manifest mime-db@1.52.0
254 silly packumentCache full:https://registry.npmjs.org/mime-db cache-miss
255 http cache https://registry.npmjs.org/mime-db 32ms (cache hit)
256 silly packumentCache full:https://registry.npmjs.org/mime-db set size:164953 disposed:false
257 silly placeDep ROOT object-assign@4.1.1 OK for: cors@2.8.6 want: ^4
258 silly fetch manifest bufferutil@^4.0.1
259 silly packumentCache full:https://registry.npmjs.org/bufferutil cache-miss
260 http fetch GET 200 https://registry.npmjs.org/bufferutil 197ms (cache miss)
261 silly packumentCache full:https://registry.npmjs.org/bufferutil set size:undefined disposed:false
262 silly fetch manifest utf-8-validate@>=5.0.2
263 silly packumentCache full:https://registry.npmjs.org/utf-8-validate cache-miss
264 http fetch GET 200 https://registry.npmjs.org/utf-8-validate 513ms (cache miss)
265 silly packumentCache full:https://registry.npmjs.org/utf-8-validate set size:undefined disposed:false
266 silly placeDep ROOT @types/cors@2.8.19 OK for: engine.io@6.6.11 want: ^2.8.12
267 silly placeDep ROOT @types/node@26.6.4 OK for: engine.io@6.6.11 want: >=10.0.0
268 silly placeDep ROOT @types/ws@8.18.2 OK for: engine.io@6.6.11 want: ^8.5.12
269 silly placeDep ROOT cookie@0.7.2 OK for: engine.io@6.6.11 want: ~0.7.2
270 silly placeDep node_modules/engine.io debug@4.4.3 OK for: engine.io@6.6.11 want: ~4.4.1
271 silly placeDep ROOT engine.io-parser@5.2.3 OK for: engine.io@6.6.11 want: ~5.2.1
272 silly placeDep ROOT ws@8.21.3 OK for: engine.io@6.6.11 want: ~8.21.0
273 silly fetch manifest @types/node@*
274 silly packumentCache full:https://registry.npmjs.org/@types%2fnode cache-miss
275 silly fetch manifest undici-types@~8.9.0
276 silly packumentCache full:https://registry.npmjs.org/undici-types cache-miss
277 http cache https://registry.npmjs.org/@types%2fnode 141ms (cache hit)
278 silly packumentCache full:https://registry.npmjs.org/@types%2fnode set size:11171832 disposed:false
279 http fetch GET 200 https://registry.npmjs.org/undici-types 442ms (cache miss)
280 silly packumentCache full:https://registry.npmjs.org/undici-types set size:undefined disposed:false
281 silly placeDep ROOT undici-types@8.9.0 OK for: @types/node@26.6.4 want: ~8.9.0
282 silly placeDep node_modules/mime-types mime-db@1.52.0 OK for: mime-types@2.1.35 want: 1.52.0
283 silly placeDep node_modules/socket.io-adapter debug@4.4.3 OK for: socket.io-adapter@2.5.8 want: ~4.4.1
284 silly placeDep ROOT @socket.io/component-emitter@3.1.2 OK for: socket.io-parser@4.2.7 want: ~3.1.0
285 silly placeDep node_modules/socket.io-parser debug@4.4.3 OK for: socket.io-parser@4.2.7 want: ~4.4.1
286 silly placeDep node_modules/engine.io ms@2.1.3 OK for: debug@4.4.3 want: ^2.1.3
287 silly placeDep node_modules/socket.io-adapter ms@2.1.3 OK for: debug@4.4.3 want: ^2.1.3
288 silly placeDep node_modules/socket.io-parser ms@2.1.3 OK for: debug@4.4.3 want: ^2.1.3
289 silly placeDep node_modules/socket.io ms@2.1.3 OK for: debug@4.4.3 want: ^2.1.3
290 silly reify moves {}
291 http cache undici-types@https://registry.npmjs.org/undici-types/-/undici-types-8.9.0.tgz 0ms (cache hit)
292 http cache engine.io-parser@https://registry.npmjs.org/engine.io-parser/-/engine.io-parser-5.2.3.tgz 0ms (cache hit)
293 http cache ws@https://registry.npmjs.org/ws/-/ws-8.21.3.tgz 0ms (cache hit)
294 http cache @socket.io/component-emitter@https://registry.npmjs.org/@socket.io/component-emitter/-/component-emitter-3.1.2.tgz 0ms (cache hit)
295 http cache cookie@https://registry.npmjs.org/cookie/-/cookie-0.7.2.tgz 0ms (cache hit)
296 http cache @types/cors@https://registry.npmjs.org/@types/cors/-/cors-2.8.19.tgz 0ms (cache hit)
297 http cache object-assign@https://registry.npmjs.org/object-assign/-/object-assign-4.1.1.tgz 0ms (cache hit)
298 http cache @types/node@https://registry.npmjs.org/@types/node/-/node-26.6.4.tgz 0ms (cache hit)
299 http cache mime-types@https://registry.npmjs.org/mime-types/-/mime-types-2.1.35.tgz 0ms (cache hit)
300 http cache socket.io-parser@https://registry.npmjs.org/socket.io-parser/-/socket.io-parser-4.2.7.tgz 0ms (cache hit)
301 http cache @types/ws@https://registry.npmjs.org/@types/ws/-/ws-8.18.2.tgz 0ms (cache hit)
302 http cache socket.io-adapter@https://registry.npmjs.org/socket.io-adapter/-/socket.io-adapter-2.5.8.tgz 0ms (cache hit)
303 http cache cors@https://registry.npmjs.org/cors/-/cors-2.8.6.tgz 1ms (cache hit)
304 http cache engine.io@https://registry.npmjs.org/engine.io/-/engine.io-6.6.11.tgz 1ms (cache hit)
305 http cache accepts@https://registry.npmjs.org/accepts/-/accepts-1.3.8.tgz 0ms (cache hit)
306 http cache ee-first@https://registry.npmjs.org/ee-first/-/ee-first-1.1.1.tgz 0ms (cache hit)
307 http cache toidentifier@https://registry.npmjs.org/toidentifier/-/toidentifier-1.0.1.tgz 0ms (cache hit)
308 http cache setprototypeof@https://registry.npmjs.org/setprototypeof/-/setprototypeof-1.2.0.tgz 0ms (cache hit)
309 http cache inherits@https://registry.npmjs.org/inherits/-/inherits-2.0.4.tgz 0ms (cache hit)
310 http cache statuses@https://registry.npmjs.org/statuses/-/statuses-2.0.2.tgz 0ms (cache hit)
311 http cache mime@https://registry.npmjs.org/mime/-/mime-1.6.0.tgz 0ms (cache hit)
312 http cache on-finished@https://registry.npmjs.org/on-finished/-/on-finished-2.4.1.tgz 0ms (cache hit)
313 http cache range-parser@https://registry.npmjs.org/range-parser/-/range-parser-1.2.1.tgz 0ms (cache hit)
314 http cache http-errors@https://registry.npmjs.org/http-errors/-/http-errors-2.0.1.tgz 0ms (cache hit)
315 http cache send@https://registry.npmjs.org/send/-/send-0.19.2.tgz 0ms (cache hit)
316 http cache fresh@https://registry.npmjs.org/fresh/-/fresh-0.5.2.tgz 0ms (cache hit)
317 http cache depd@https://registry.npmjs.org/depd/-/depd-2.0.0.tgz 0ms (cache hit)
318 http cache etag@https://registry.npmjs.org/etag/-/etag-1.8.1.tgz 0ms (cache hit)
319 http cache parseurl@https://registry.npmjs.org/parseurl/-/parseurl-1.3.3.tgz 0ms (cache hit)
320 http cache escape-html@https://registry.npmjs.org/escape-html/-/escape-html-1.0.3.tgz 0ms (cache hit)
321 http cache encodeurl@https://registry.npmjs.org/encodeurl/-/encodeurl-2.0.0.tgz 0ms (cache hit)
322 http cache jquery@https://registry.npmjs.org/jquery/-/jquery-3.7.1.tgz 0ms (cache hit)
323 http cache ms@https://registry.npmjs.org/ms/-/ms-2.0.0.tgz 0ms (cache hit)
324 http cache mime-db@https://registry.npmjs.org/mime-db/-/mime-db-1.54.0.tgz 0ms (cache hit)
325 http cache vary@https://registry.npmjs.org/vary/-/vary-1.1.2.tgz 0ms (cache hit)
326 http cache negotiator@https://registry.npmjs.org/negotiator/-/negotiator-0.6.4.tgz 0ms (cache hit)
327 http cache safe-buffer@https://registry.npmjs.org/safe-buffer/-/safe-buffer-5.2.1.tgz 0ms (cache hit)
328 http cache destroy@https://registry.npmjs.org/destroy/-/destroy-1.2.0.tgz 0ms (cache hit)
329 http cache bytes@https://registry.npmjs.org/bytes/-/bytes-3.1.2.tgz 0ms (cache hit)
330 http cache on-headers@https://registry.npmjs.org/on-headers/-/on-headers-1.1.0.tgz 0ms (cache hit)
331 http cache debug@https://registry.npmjs.org/debug/-/debug-2.6.9.tgz 0ms (cache hit)
332 http cache compressible@https://registry.npmjs.org/compressible/-/compressible-2.0.18.tgz 0ms (cache hit)
333 http cache socket.io@https://registry.npmjs.org/socket.io/-/socket.io-4.8.4.tgz 0ms (cache hit)
334 http cache serve-static@https://registry.npmjs.org/serve-static/-/serve-static-1.16.3.tgz 0ms (cache hit)
335 http cache gridstack@https://registry.npmjs.org/gridstack/-/gridstack-0.6.4.tgz 0ms (cache hit)
336 http cache compression@https://registry.npmjs.org/compression/-/compression-1.8.2.tgz 0ms (cache hit)
337 http cache node-red-dashboard@https://registry.npmjs.org/node-red-dashboard/-/node-red-dashboard-3.6.6.tgz 0ms (cache hit)
338 http cache ms@https://registry.npmjs.org/ms/-/ms-2.1.3.tgz 0ms (cache hit)
339 http cache debug@https://registry.npmjs.org/debug/-/debug-4.4.3.tgz 0ms (cache hit)
340 http cache mime-db@https://registry.npmjs.org/mime-db/-/mime-db-1.52.0.tgz 0ms (cache hit)
341 http cache debug@https://registry.npmjs.org/debug/-/debug-4.4.3.tgz 0ms (cache hit)
342 http cache ms@https://registry.npmjs.org/ms/-/ms-2.1.3.tgz 0ms (cache hit)
343 silly tarball no local data for undici-types@https://registry.npmjs.org/undici-types/-/undici-types-8.9.0.tgz. Extracting by manifest.
344 http cache ms@https://registry.npmjs.org/ms/-/ms-2.1.3.tgz 0ms (cache hit)
345 http cache ms@https://registry.npmjs.org/ms/-/ms-2.1.3.tgz 0ms (cache hit)
346 silly tarball no local data for engine.io-parser@https://registry.npmjs.org/engine.io-parser/-/engine.io-parser-5.2.3.tgz. Extracting by manifest.
347 http cache debug@https://registry.npmjs.org/debug/-/debug-4.4.3.tgz 0ms (cache hit)
348 silly tarball no local data for ws@https://registry.npmjs.org/ws/-/ws-8.21.3.tgz. Extracting by manifest.
349 silly tarball no local data for @socket.io/component-emitter@https://registry.npmjs.org/@socket.io/component-emitter/-/component-emitter-3.1.2.tgz. Extracting by manifest.
350 http cache ms@https://registry.npmjs.org/ms/-/ms-2.1.3.tgz 0ms (cache hit)
351 silly tarball no local data for @types/cors@https://registry.npmjs.org/@types/cors/-/cors-2.8.19.tgz. Extracting by manifest.
352 silly tarball no local data for object-assign@https://registry.npmjs.org/object-assign/-/object-assign-4.1.1.tgz. Extracting by manifest.
353 http cache debug@https://registry.npmjs.org/debug/-/debug-4.4.3.tgz 0ms (cache hit)
354 silly tarball no local data for @types/node@https://registry.npmjs.org/@types/node/-/node-26.6.4.tgz. Extracting by manifest.
355 silly tarball no local data for cookie@https://registry.npmjs.org/cookie/-/cookie-0.7.2.tgz. Extracting by manifest.
356 silly tarball no local data for mime-types@https://registry.npmjs.org/mime-types/-/mime-types-2.1.35.tgz. Extracting by manifest.
357 silly tarball no local data for socket.io-parser@https://registry.npmjs.org/socket.io-parser/-/socket.io-parser-4.2.7.tgz. Extracting by manifest.
358 silly tarball no local data for @types/ws@https://registry.npmjs.org/@types/ws/-/ws-8.18.2.tgz. Extracting by manifest.
359 silly tarball no local data for socket.io-adapter@https://registry.npmjs.org/socket.io-adapter/-/socket.io-adapter-2.5.8.tgz. Extracting by manifest.
360 silly tarball no local data for cors@https://registry.npmjs.org/cors/-/cors-2.8.6.tgz. Extracting by manifest.
361 silly tarball no local data for engine.io@https://registry.npmjs.org/engine.io/-/engine.io-6.6.11.tgz. Extracting by manifest.
362 http cache negotiator@https://registry.npmjs.org/negotiator/-/negotiator-0.6.3.tgz 0ms (cache hit)
363 silly tarball no local data for accepts@https://registry.npmjs.org/accepts/-/accepts-1.3.8.tgz. Extracting by manifest.
364 silly tarball no local data for toidentifier@https://registry.npmjs.org/toidentifier/-/toidentifier-1.0.1.tgz. Extracting by manifest.
365 silly tarball no local data for ee-first@https://registry.npmjs.org/ee-first/-/ee-first-1.1.1.tgz. Extracting by manifest.
366 silly tarball no local data for setprototypeof@https://registry.npmjs.org/setprototypeof/-/setprototypeof-1.2.0.tgz. Extracting by manifest.
367 silly tarball no local data for inherits@https://registry.npmjs.org/inherits/-/inherits-2.0.4.tgz. Extracting by manifest.
368 silly tarball no local data for statuses@https://registry.npmjs.org/statuses/-/statuses-2.0.2.tgz. Extracting by manifest.
369 silly tarball no local data for mime@https://registry.npmjs.org/mime/-/mime-1.6.0.tgz. Extracting by manifest.
370 silly tarball no local data for on-finished@https://registry.npmjs.org/on-finished/-/on-finished-2.4.1.tgz. Extracting by manifest.
371 silly tarball no local data for range-parser@https://registry.npmjs.org/range-parser/-/range-parser-1.2.1.tgz. Extracting by manifest.
372 silly tarball no local data for http-errors@https://registry.npmjs.org/http-errors/-/http-errors-2.0.1.tgz. Extracting by manifest.
373 silly tarball no local data for send@https://registry.npmjs.org/send/-/send-0.19.2.tgz. Extracting by manifest.
374 silly tarball no local data for fresh@https://registry.npmjs.org/fresh/-/fresh-0.5.2.tgz. Extracting by manifest.
375 silly tarball no local data for depd@https://registry.npmjs.org/depd/-/depd-2.0.0.tgz. Extracting by manifest.
376 silly tarball no local data for etag@https://registry.npmjs.org/etag/-/etag-1.8.1.tgz. Extracting by manifest.
377 silly tarball no local data for parseurl@https://registry.npmjs.org/parseurl/-/parseurl-1.3.3.tgz. Extracting by manifest.
378 silly tarball no local data for escape-html@https://registry.npmjs.org/escape-html/-/escape-html-1.0.3.tgz. Extracting by manifest.
379 silly tarball no local data for encodeurl@https://registry.npmjs.org/encodeurl/-/encodeurl-2.0.0.tgz. Extracting by manifest.
380 silly tarball no local data for jquery@https://registry.npmjs.org/jquery/-/jquery-3.7.1.tgz. Extracting by manifest.
381 silly tarball no local data for ms@https://registry.npmjs.org/ms/-/ms-2.0.0.tgz. Extracting by manifest.
382 silly tarball no local data for vary@https://registry.npmjs.org/vary/-/vary-1.1.2.tgz. Extracting by manifest.
383 silly tarball no local data for mime-db@https://registry.npmjs.org/mime-db/-/mime-db-1.54.0.tgz. Extracting by manifest.
384 silly tarball no local data for negotiator@https://registry.npmjs.org/negotiator/-/negotiator-0.6.4.tgz. Extracting by manifest.
385 silly tarball no local data for safe-buffer@https://registry.npmjs.org/safe-buffer/-/safe-buffer-5.2.1.tgz. Extracting by manifest.
386 silly tarball no local data for bytes@https://registry.npmjs.org/bytes/-/bytes-3.1.2.tgz. Extracting by manifest.
387 silly tarball no local data for destroy@https://registry.npmjs.org/destroy/-/destroy-1.2.0.tgz. Extracting by manifest.
388 silly tarball no local data for on-headers@https://registry.npmjs.org/on-headers/-/on-headers-1.1.0.tgz. Extracting by manifest.
389 silly tarball no local data for debug@https://registry.npmjs.org/debug/-/debug-2.6.9.tgz. Extracting by manifest.
390 silly tarball no local data for socket.io@https://registry.npmjs.org/socket.io/-/socket.io-4.8.4.tgz. Extracting by manifest.
391 silly tarball no local data for compressible@https://registry.npmjs.org/compressible/-/compressible-2.0.18.tgz. Extracting by manifest.
392 silly tarball no local data for serve-static@https://registry.npmjs.org/serve-static/-/serve-static-1.16.3.tgz. Extracting by manifest.
393 silly tarball no local data for gridstack@https://registry.npmjs.org/gridstack/-/gridstack-0.6.4.tgz. Extracting by manifest.
394 silly tarball no local data for compression@https://registry.npmjs.org/compression/-/compression-1.8.2.tgz. Extracting by manifest.
395 silly tarball no local data for node-red-dashboard@https://registry.npmjs.org/node-red-dashboard/-/node-red-dashboard-3.6.6.tgz. Extracting by manifest.
396 silly tarball no local data for ms@https://registry.npmjs.org/ms/-/ms-2.1.3.tgz. Extracting by manifest.
397 silly tarball no local data for mime-db@https://registry.npmjs.org/mime-db/-/mime-db-1.52.0.tgz. Extracting by manifest.
398 silly tarball no local data for debug@https://registry.npmjs.org/debug/-/debug-4.4.3.tgz. Extracting by manifest.
399 silly tarball no local data for debug@https://registry.npmjs.org/debug/-/debug-4.4.3.tgz. Extracting by manifest.
400 silly tarball no local data for ms@https://registry.npmjs.org/ms/-/ms-2.1.3.tgz. Extracting by manifest.
401 silly tarball no local data for ms@https://registry.npmjs.org/ms/-/ms-2.1.3.tgz. Extracting by manifest.
402 silly tarball no local data for ms@https://registry.npmjs.org/ms/-/ms-2.1.3.tgz. Extracting by manifest.
403 silly tarball no local data for debug@https://registry.npmjs.org/debug/-/debug-4.4.3.tgz. Extracting by manifest.
404 silly tarball no local data for ms@https://registry.npmjs.org/ms/-/ms-2.1.3.tgz. Extracting by manifest.
405 silly tarball no local data for debug@https://registry.npmjs.org/debug/-/debug-4.4.3.tgz. Extracting by manifest.
406 silly tarball no local data for negotiator@https://registry.npmjs.org/negotiator/-/negotiator-0.6.3.tgz. Extracting by manifest.
407 http fetch GET 200 https://registry.npmjs.org/toidentifier/-/toidentifier-1.0.1.tgz 814ms (cache miss)
408 http fetch GET 200 https://registry.npmjs.org/object-assign/-/object-assign-4.1.1.tgz 853ms (cache miss)
409 http fetch GET 200 https://registry.npmjs.org/mime-types/-/mime-types-2.1.35.tgz 891ms (cache miss)
410 http fetch GET 200 https://registry.npmjs.org/setprototypeof/-/setprototypeof-1.2.0.tgz 953ms (cache miss)
411 http fetch GET 200 https://registry.npmjs.org/@socket.io/component-emitter/-/component-emitter-3.1.2.tgz 1003ms (cache miss)
412 http fetch GET 200 https://registry.npmjs.org/@types/cors/-/cors-2.8.19.tgz 1004ms (cache miss)
413 http fetch GET 200 https://registry.npmjs.org/socket.io-adapter/-/socket.io-adapter-2.5.8.tgz 1015ms (cache miss)
414 http fetch GET 200 https://registry.npmjs.org/undici-types/-/undici-types-8.9.0.tgz 1085ms (cache miss)
415 http fetch GET 200 https://registry.npmjs.org/socket.io-parser/-/socket.io-parser-4.2.7.tgz 1162ms (cache miss)
416 http fetch GET 200 https://registry.npmjs.org/engine.io-parser/-/engine.io-parser-5.2.3.tgz 1314ms (cache miss)
417 http fetch GET 200 https://registry.npmjs.org/fresh/-/fresh-0.5.2.tgz 1302ms (cache miss)
418 http fetch GET 200 https://registry.npmjs.org/inherits/-/inherits-2.0.4.tgz 1357ms (cache miss)
419 http fetch GET 200 https://registry.npmjs.org/http-errors/-/http-errors-2.0.1.tgz 1360ms (cache miss)
420 http fetch GET 200 https://registry.npmjs.org/accepts/-/accepts-1.3.8.tgz 1380ms (cache miss)
421 http fetch GET 200 https://registry.npmjs.org/engine.io/-/engine.io-6.6.11.tgz 1450ms (cache miss)
422 http fetch GET 200 https://registry.npmjs.org/depd/-/depd-2.0.0.tgz 1465ms (cache miss)
423 http fetch GET 200 https://registry.npmjs.org/statuses/-/statuses-2.0.2.tgz 1526ms (cache miss)
424 http fetch GET 200 https://registry.npmjs.org/parseurl/-/parseurl-1.3.3.tgz 1785ms (cache miss)
425 http fetch GET 200 https://registry.npmjs.org/encodeurl/-/encodeurl-2.0.0.tgz 2129ms (cache miss)
426 http fetch GET 200 https://registry.npmjs.org/ee-first/-/ee-first-1.1.1.tgz 2355ms (cache miss)
427 http fetch GET 200 https://registry.npmjs.org/@types/ws/-/ws-8.18.2.tgz 2443ms (cache miss)
428 http fetch GET 200 https://registry.npmjs.org/ws/-/ws-8.21.3.tgz 2598ms (cache miss)
429 http fetch GET 200 https://registry.npmjs.org/safe-buffer/-/safe-buffer-5.2.1.tgz 3028ms (cache miss)
430 http fetch GET 200 https://registry.npmjs.org/vary/-/vary-1.1.2.tgz 3082ms (cache miss)
431 http fetch GET 200 https://registry.npmjs.org/bytes/-/bytes-3.1.2.tgz 3456ms (cache miss)
432 http fetch GET 200 https://registry.npmjs.org/destroy/-/destroy-1.2.0.tgz 3481ms (cache miss)
433 http fetch GET 200 https://registry.npmjs.org/on-headers/-/on-headers-1.1.0.tgz 3590ms (cache miss)
434 http fetch GET 200 https://registry.npmjs.org/debug/-/debug-2.6.9.tgz 4436ms (cache miss)
435 http fetch GET 200 https://registry.npmjs.org/cookie/-/cookie-0.7.2.tgz 4725ms (cache miss)
436 http fetch GET 200 https://registry.npmjs.org/compressible/-/compressible-2.0.18.tgz 4846ms (cache miss)
437 http fetch GET 200 https://registry.npmjs.org/escape-html/-/escape-html-1.0.3.tgz 5230ms (cache miss)
438 http fetch GET 200 https://registry.npmjs.org/etag/-/etag-1.8.1.tgz 5430ms (cache miss)
439 http fetch GET 200 https://registry.npmjs.org/ms/-/ms-2.0.0.tgz 5745ms (cache miss)
440 http fetch GET 200 https://registry.npmjs.org/compression/-/compression-1.8.2.tgz 6541ms (cache miss)
441 http fetch GET 200 https://registry.npmjs.org/ms/-/ms-2.1.3.tgz 6633ms (cache miss)
442 http fetch GET 200 https://registry.npmjs.org/debug/-/debug-4.4.3.tgz 7104ms (cache miss)
443 http fetch GET 200 https://registry.npmjs.org/mime-db/-/mime-db-1.54.0.tgz 7372ms (cache miss)
444 http fetch GET 200 https://registry.npmjs.org/debug/-/debug-4.4.3.tgz 7367ms (cache miss)
445 http fetch GET 200 https://registry.npmjs.org/ms/-/ms-2.1.3.tgz 7547ms (cache miss)
446 http fetch GET 200 https://registry.npmjs.org/ms/-/ms-2.1.3.tgz 7674ms (cache miss)
447 http fetch GET 200 https://registry.npmjs.org/mime-db/-/mime-db-1.52.0.tgz 8083ms (cache miss)
448 http fetch GET 200 https://registry.npmjs.org/ms/-/ms-2.1.3.tgz 8251ms (cache miss)
449 http fetch GET 200 https://registry.npmjs.org/debug/-/debug-4.4.3.tgz 8575ms (cache miss)
450 http fetch GET 200 https://registry.npmjs.org/ms/-/ms-2.1.3.tgz 8652ms (cache miss)
451 http fetch GET 200 https://registry.npmjs.org/negotiator/-/negotiator-0.6.3.tgz 8777ms (cache miss)
452 http fetch GET 200 https://registry.npmjs.org/serve-static/-/serve-static-1.16.3.tgz 9011ms (cache miss)
453 http fetch GET 200 https://registry.npmjs.org/debug/-/debug-4.4.3.tgz 9816ms (cache miss)
454 http fetch GET 200 https://registry.npmjs.org/jquery/-/jquery-3.7.1.tgz 10216ms (cache miss)
455 http fetch GET 200 https://registry.npmjs.org/socket.io/-/socket.io-4.8.4.tgz 11531ms (cache miss)
456 http fetch GET 200 https://registry.npmjs.org/gridstack/-/gridstack-0.6.4.tgz 15450ms (cache miss)
457 http fetch GET 200 https://registry.npmjs.org/cors/-/cors-2.8.6.tgz 16853ms (cache miss)
458 http fetch GET 200 https://registry.npmjs.org/negotiator/-/negotiator-0.6.4.tgz 17035ms (cache miss)
459 http fetch GET 200 https://registry.npmjs.org/on-finished/-/on-finished-2.4.1.tgz 17631ms (cache miss)
460 http fetch GET 200 https://registry.npmjs.org/range-parser/-/range-parser-1.2.1.tgz 17632ms (cache miss)
461 http fetch GET 200 https://registry.npmjs.org/@types/node/-/node-26.6.4.tgz 22948ms (cache miss)
462 http fetch GET 200 https://registry.npmjs.org/node-red-dashboard/-/node-red-dashboard-3.6.6.tgz 28332ms (cache miss)
463 warn deprecated node-red-dashboard@3.6.6: No longer maintained - please look at alternatives such as @flowfuse/node-red-dashboard or node-red-contrib-uibuilder
464 http fetch GET 200 https://registry.npmjs.org/mime/-/mime-1.6.0.tgz 34819ms (cache miss)
465 http fetch GET 200 https://registry.npmjs.org/send/-/send-0.19.2.tgz 35276ms (cache miss)
466 info run node-red-dashboard@3.6.6 postinstall node_modules/node-red-dashboard node fixgrid.js
467 info run node-red-dashboard@3.6.6 postinstall { code: 0, signal: null }
468 silly ADD node_modules/@socket.io/component-emitter
469 silly ADD node_modules/undici-types
470 silly ADD node_modules/ws
471 silly ADD node_modules/engine.io-parser
472 silly ADD node_modules/cookie
473 silly ADD node_modules/@types/ws
474 silly ADD node_modules/@types/node
475 silly ADD node_modules/@types/cors
476 silly ADD node_modules/object-assign
477 silly ADD node_modules/mime-types
478 silly ADD node_modules/mime-types/node_modules/mime-db
479 silly ADD node_modules/socket.io-parser
480 silly ADD node_modules/socket.io-parser/node_modules/ms
481 silly ADD node_modules/socket.io-parser/node_modules/debug
482 silly ADD node_modules/socket.io-adapter
483 silly ADD node_modules/socket.io-adapter/node_modules/ms
484 silly ADD node_modules/socket.io-adapter/node_modules/debug
485 silly ADD node_modules/engine.io
486 silly ADD node_modules/engine.io/node_modules/ms
487 silly ADD node_modules/engine.io/node_modules/debug
488 silly ADD node_modules/cors
489 silly ADD node_modules/accepts
490 silly ADD node_modules/accepts/node_modules/negotiator
491 silly ADD node_modules/ee-first
492 silly ADD node_modules/toidentifier
493 silly ADD node_modules/setprototypeof
494 silly ADD node_modules/inherits
495 silly ADD node_modules/statuses
496 silly ADD node_modules/range-parser
497 silly ADD node_modules/on-finished
498 silly ADD node_modules/mime
499 silly ADD node_modules/http-errors
500 silly ADD node_modules/fresh
501 silly ADD node_modules/etag
502 silly ADD node_modules/depd
503 silly ADD node_modules/send
504 silly ADD node_modules/send/node_modules/ms
505 silly ADD node_modules/parseurl
506 silly ADD node_modules/escape-html
507 silly ADD node_modules/encodeurl
508 silly ADD node_modules/jquery
509 silly ADD node_modules/ms
510 silly ADD node_modules/mime-db
511 silly ADD node_modules/vary
512 silly ADD node_modules/safe-buffer
513 silly ADD node_modules/on-headers
514 silly ADD node_modules/negotiator
515 silly ADD node_modules/destroy
516 silly ADD node_modules/debug
517 silly ADD node_modules/compressible
518 silly ADD node_modules/bytes
519 silly ADD node_modules/socket.io
520 silly ADD node_modules/socket.io/node_modules/ms
521 silly ADD node_modules/socket.io/node_modules/debug
522 silly ADD node_modules/serve-static
523 silly ADD node_modules/gridstack
524 silly ADD node_modules/compression
525 silly ADD node_modules/node-red-dashboard
526 warn install-scripts 1 package has install scripts not yet covered by allowScripts:
526 warn install-scripts   node-red-dashboard@3.6.6 (postinstall: node fixgrid.js)
526 warn install-scripts
526 warn install-scripts Run `npm install-scripts ls` to review, or `npm install-scripts approve <pkg>` to allow.
527 verbose cwd /data
528 verbose os Linux 6.18.40.1-microsoft-standard-WSL2
529 verbose node v24.20.0
530 verbose npm  v11.19.1
531 verbose exit 0
532 info ok
